// Jest Snapshot v1, https://goo.gl/fbAQLP

exports[`renders LoginHandler without crashing 1`] = `<LoginHandler />`;
