// Jest Snapshot v1, https://goo.gl/fbAQLP

exports[`renders LoginButton without crashing 1`] = `
<button
  onClick={[Function]}
  type="button"
>
  <img
    alt="loginImage"
    height="20"
    src="https://images-na.ssl-images-amazon.com/images/G/01/lwa/btnLWA_gold_156x32.png"
    width="106"
  />
</button>
`;
