// Jest Snapshot v1, https://goo.gl/fbAQLP

exports[`renders correctly (snapshot testing) 1`] = `
<ChatBubble
  bubbleStyles={
    Object {
      "chatbubble": Object {
        "background": "#00ACE0",
      },
      "text": Object {
        "fontSize": 20,
      },
      "userBubble": Object {
        "background": "#646A72",
      },
    }
  }
/>
`;
