// Jest Snapshot v1, https://goo.gl/fbAQLP

exports[`renders correctly without crashing 1`] = `
<div
  id="page"
>
  <Header
    updateAuthenticationInfo={[Function]}
  />
  <Body />
  <Footer />
</div>
`;
