// Jest Snapshot v1, https://goo.gl/fbAQLP

exports[`renders correctly without crashing 1`] = `
Array [
  <MuiThemeProvider
    key="muiThemeProvider"
/>,
  <RightPanel
    key="rightPanel"
/>,
]
`;
