// Jest Snapshot v1, https://goo.gl/fbAQLP

exports[`renders correctly (snapshot testing) 1`] = `
<button
  onClick={[Function]}
  type="button"
>
  Logout
</button>
`;
