// Jest Snapshot v1, https://goo.gl/fbAQLP

exports[`renders RightPanel without crashing 1`] = `
<div
  id="rightpanel"
>
  <div
    className="panel-body"
  >
    Right side content
  </div>
</div>
`;
