// Jest Snapshot v1, https://goo.gl/fbAQLP

exports[`renders without crashing 1`] = `
<div
  id="welcomeBody"
>
  <div
    className="panel-body"
  >
    <h1>
       WELCOME TO SILENT ALEXA 
    </h1>
    <h1>
       Login to get started 
    </h1>
  </div>
</div>
`;
